21:47:16 **** Incremental Build of configuration Debug for project Plasma_Pipette_V1.0_Cube ****
make all 
Building file: C:/Backup/Plasma_Generator/1_Plasma_Pipette/3_Firmware/V2.0_Source/plasma_pt/Src/Application/InEventTask/InEventProcess.c
Invoking: MCU GCC Compiler
C:\Backup\Plasma_Generator\1_Plasma_Pipette\3_Firmware\V2.0_Source\plasma_pt\Plasma_Pipette_V1.0_Cube\SW4STM32\Plasma_Pipette_V1.0_Cube\Debug
arm-none-eabi-gcc -mcpu=cortex-m0 -mthumb -mfloat-abi=soft '-D__weak=__attribute__((weak))' '-D__packed=__attribute__((__packed__))' -DUSE_HAL_DRIVER -DSTM32F070xB -I"C:/Backup/Plasma_Generator/1_Plasma_Pipette/3_Firmware/V2.0_Source/plasma_pt/Inc" -I"C:/Backup/Plasma_Generator/1_Plasma_Pipette/3_Firmware/V2.0_Source/plasma_pt/Src/Application" -I"C:/Backup/Plasma_Generator/1_Plasma_Pipette/3_Firmware/V2.0_Source/plasma_pt/Src/Application/CliTask" -I"C:/Backup/Plasma_Generator/1_Plasma_Pipette/3_Firmware/V2.0_Source/plasma_pt/Src/Application/common" -I"C:/Backup/Plasma_Generator/1_Plasma_Pipette/3_Firmware/V2.0_Source/plasma_pt/Src/Application/InEventTask" -I"C:/Backup/Plasma_Generator/1_Plasma_Pipette/3_Firmware/V2.0_Source/plasma_pt/Src/Application/mctask" -I"C:/Backup/Plasma_Generator/1_Plasma_Pipette/3_Firmware/V2.0_Source/plasma_pt/Src/Application/OutEventTask" -I"C:/Backup/Plasma_Generator/1_Plasma_Pipette/3_Firmware/V2.0_Source/plasma_pt/Src/Application/taskcfg" -I"C:/Backup/Plasma_Generator/1_Plasma_Pipette/3_Firmware/V2.0_Source/plasma_pt/Src/Application/OutEventTask/Buzzer" -I"C:/Backup/Plasma_Generator/1_Plasma_Pipette/3_Firmware/V2.0_Source/plasma_pt/Src/Application/OutEventTask/ChargeState" -I"C:/Backup/Plasma_Generator/1_Plasma_Pipette/3_Firmware/V2.0_Source/plasma_pt/Src/Application/OutEventTask/Plasma" -I"C:/Backup/Plasma_Generator/1_Plasma_Pipette/3_Firmware/V2.0_Source/plasma_pt/Drivers/STM32F0xx_HAL_Driver/Inc" -I"C:/Backup/Plasma_Generator/1_Plasma_Pipette/3_Firmware/V2.0_Source/plasma_pt/Drivers/STM32F0xx_HAL_Driver/Inc/Legacy" -I"C:/Backup/Plasma_Generator/1_Plasma_Pipette/3_Firmware/V2.0_Source/plasma_pt/Middlewares/Third_Party/FreeRTOS/Source/portable/GCC/ARM_CM0" -I"C:/Backup/Plasma_Generator/1_Plasma_Pipette/3_Firmware/V2.0_Source/plasma_pt/Drivers/CMSIS/Device/ST/STM32F0xx/Include" -I"C:/Backup/Plasma_Generator/1_Plasma_Pipette/3_Firmware/V2.0_Source/plasma_pt/Middlewares/Third_Party/FreeRTOS/Source/include" -I"C:/Backup/Plasma_Generator/1_Plasma_Pipette/3_Firmware/V2.0_Source/plasma_pt/Middlewares/Third_Party/FreeRTOS/Source/CMSIS_RTOS" -I"C:/Backup/Plasma_Generator/1_Plasma_Pipette/3_Firmware/V2.0_Source/plasma_pt/Drivers/CMSIS/Include"  -Og -g3 -Wall -fmessage-length=0 -ffunction-sections -c -fmessage-length=0 -MMD -MP -MF"Application/User/Application/InEventTask/InEventProcess.d" -MT"Application/User/Application/InEventTask/InEventProcess.o" -o "Application/User/Application/InEventTask/InEventProcess.o" "C:/Backup/Plasma_Generator/1_Plasma_Pipette/3_Firmware/V2.0_Source/plasma_pt/Src/Application/InEventTask/InEventProcess.c"
C:/Backup/Plasma_Generator/1_Plasma_Pipette/3_Firmware/V2.0_Source/plasma_pt/Src/Application/InEventTask/InEventProcess.c: In function 'ProcessBattADCval':
C:/Backup/Plasma_Generator/1_Plasma_Pipette/3_Firmware/V2.0_Source/plasma_pt/Src/Application/InEventTask/InEventProcess.c:252:36: warning: variable 'high_limit' set but not used [-Wunused-but-set-variable]
                 uint8_t low_limit, high_limit;
                                    ^~~~~~~~~~
C:/Backup/Plasma_Generator/1_Plasma_Pipette/3_Firmware/V2.0_Source/plasma_pt/Src/Application/InEventTask/InEventProcess.c:252:25: warning: variable 'low_limit' set but not used [-Wunused-but-set-variable]
                 uint8_t low_limit, high_limit;
                         ^~~~~~~~~
Finished building: C:/Backup/Plasma_Generator/1_Plasma_Pipette/3_Firmware/V2.0_Source/plasma_pt/Src/Application/InEventTask/InEventProcess.c
 
Building target: Plasma_Pipette_V1.0_Cube.elf
Invoking: MCU GCC Linker
arm-none-eabi-gcc -mcpu=cortex-m0 -mthumb -mfloat-abi=soft -specs=nosys.specs -specs=nano.specs -T"../STM32F070RBTx_FLASH.ld" -Wl,-Map=output.map -Wl,--gc-sections -o "Plasma_Pipette_V1.0_Cube.elf" @"objects.list"   -lm
Finished building target: Plasma_Pipette_V1.0_Cube.elf
 
make --no-print-directory post-build
Generating binary and Printing size information:
arm-none-eabi-objcopy -O binary "Plasma_Pipette_V1.0_Cube.elf" "Plasma_Pipette_V1.0_Cube.bin"
arm-none-eabi-size "Plasma_Pipette_V1.0_Cube.elf"
   text	   data	    bss	    dec	    hex	filename
  42280	    532	  13548	  56360	   dc28	Plasma_Pipette_V1.0_Cube.elf
 

21:47:22 Build Finished (took 6s.306ms)

